// Jest Snapshot v1, https://goo.gl/fbAQLP

exports[`Download Button Render as expected 1`] = `"<div><button type=\\"button\\" class=\\"btn btn-success\\"></button></div>"`;
