// Jest Snapshot v1, https://goo.gl/fbAQLP

exports[`Dropdown Button Render as expected 1`] = `"<div><div class=\\"dropdown\\"><button style=\\"width: 100%; margin-bottom: 10px;\\" type=\\"button\\" class=\\"btn btn-primary\\">Select item â–¼</button></div></div>"`;
