// Jest Snapshot v1, https://goo.gl/fbAQLP

exports[`Player Selector Container Render as expected 1`] = `"<div><div style=\\"margin: 20px 0px;\\" class=\\"row\\"><div class=\\"col-lg-8 col-sm-12 offset-lg-2\\"><div class=\\"card\\"><div class=\\"card-body\\" style=\\"text-align: center; position: relative; padding-bottom: 80px;\\"><div style=\\"margin: 20px 0px;\\" class=\\"row\\"><div class=\\"col-lg-4 col-sm-12\\"><div class=\\"dropdown\\"><button style=\\"width: 100%; margin-bottom: 10px;\\" type=\\"button\\" class=\\"btn btn-primary\\">Select Sport ▼</button></div></div><div class=\\"col-lg-4 col-sm-12\\"><div class=\\"dropdown\\"><button style=\\"width: 100%; margin-bottom: 10px;\\" type=\\"button\\" class=\\"btn btn-primary\\">Select Country ▼</button></div></div><div class=\\"col-lg-4 col-sm-12\\"><div class=\\"dropdown\\"><button style=\\"width: 100%; margin-bottom: 10px;\\" type=\\"button\\" class=\\"btn btn-primary\\">Select Player ▼</button></div></div></div><h1>Select a Player</h1><img src=\\"/\\" style=\\"max-width: 100%; max-height: 400px;\\"><br></div></div></div></div></div>"`;
